22:54:52 client.go:185: [python stderr] 2026-03-03 22:54:52,559 [INFO] src.analysis.static_analyzer: Loaded 11 rules from /home/laz/Documents/csrf-shield-ai/config/rules.yaml
22:54:53 client.go:185: [python stderr] 2026-03-03 22:54:53,041 [INFO] src.ml.predictor: Loaded model from /home/laz/Documents/csrf-shield-ai/models/csrf_model.pkl (26 features)
22:54:53 client.go:185: [python stderr] 2026-03-03 22:54:53,041 [INFO] __main__: IPC server starting (version 1.0)
22:54:53 client.go:185: [python stderr] 2026-03-03 22:54:53,041 [INFO] src.input.har_parser: Parsed 1 exchanges from form_urlencoded.har
22:54:53 client.go:185: [python stderr] 2026-03-03 22:54:53,041 [INFO] src.input.flow_reconstructor: Reconstructed 1 session flow(s) from 1 exchange(s)
22:54:58 client.go:185: [python stderr] 2026-03-03 22:54:58,608 [INFO] src.analysis.static_analyzer: Analyzed flow abc123: 1 exchanges, 2 findings
22:54:58 client.go:185: [python stderr] 2026-03-03 22:54:58,626 [INFO] src.scoring.risk_scorer: Risk: base=4.3 modifiers=-10 final=0 (LOW)
22:55:44 client.go:185: [python stderr] 2026-03-03 22:55:44,936 [INFO] src.analysis.static_analyzer: Analyzed flow abc123: 1 exchanges, 2 findings
22:55:44 client.go:185: [python stderr] 2026-03-03 22:55:44,952 [INFO] src.scoring.risk_scorer: Risk: base=4.3 modifiers=-10 final=0 (LOW)
22:55:45 client.go:185: [python stderr] 2026-03-03 22:55:45,390 [INFO] src.analysis.static_analyzer: Analyzed flow abc123: 1 exchanges, 2 findings
22:55:45 client.go:185: [python stderr] 2026-03-03 22:55:45,406 [INFO] src.scoring.risk_scorer: Risk: base=4.3 modifiers=-10 final=0 (LOW)
22:56:42 client.go:185: [python stderr] 2026-03-03 22:56:42,713 [INFO] src.analysis.static_analyzer: Analyzed flow abc123: 1 exchanges, 2 findings
22:56:42 client.go:185: [python stderr] 2026-03-03 22:56:42,729 [INFO] src.scoring.risk_scorer: Risk: base=4.3 modifiers=-10 final=0 (LOW)
22:56:43 client.go:185: [python stderr] 2026-03-03 22:56:43,420 [INFO] src.analysis.static_analyzer: Analyzed flow abc123: 1 exchanges, 2 findings
22:56:43 client.go:185: [python stderr] 2026-03-03 22:56:43,436 [INFO] src.scoring.risk_scorer: Risk: base=4.3 modifiers=-10 final=0 (LOW)
22:56:43 client.go:185: [python stderr] 2026-03-03 22:56:43,566 [INFO] src.analysis.static_analyzer: Analyzed flow abc123: 1 exchanges, 2 findings
22:56:43 client.go:185: [python stderr] 2026-03-03 22:56:43,582 [INFO] src.scoring.risk_scorer: Risk: base=4.3 modifiers=-10 final=0 (LOW)
22:56:43 client.go:185: [python stderr] 2026-03-03 22:56:43,718 [INFO] src.analysis.static_analyzer: Analyzed flow abc123: 1 exchanges, 2 findings
22:56:43 client.go:185: [python stderr] 2026-03-03 22:56:43,734 [INFO] src.scoring.risk_scorer: Risk: base=4.3 modifiers=-10 final=0 (LOW)
22:56:43 client.go:185: [python stderr] 2026-03-03 22:56:43,862 [INFO] src.analysis.static_analyzer: Analyzed flow abc123: 1 exchanges, 2 findings
22:56:43 client.go:185: [python stderr] 2026-03-03 22:56:43,878 [INFO] src.scoring.risk_scorer: Risk: base=4.3 modifiers=-10 final=0 (LOW)
22:56:44 client.go:185: [python stderr] 2026-03-03 22:56:44,005 [INFO] src.analysis.static_analyzer: Analyzed flow abc123: 1 exchanges, 2 findings
22:56:44 client.go:185: [python stderr] 2026-03-03 22:56:44,021 [INFO] src.scoring.risk_scorer: Risk: base=4.3 modifiers=-10 final=0 (LOW)
